// Vitest Snapshot v1

exports[`Gilded Rose > golden master test 1`] = `
"OMGHAI!-------- day 0 --------name, sellIn, quality+5 Dexterity Vest, 10, 20Aged Brie, 2, 0Elixir of the Mongoose, 5, 7Sulfuras, Hand of Ragnaros, 0, 80Sulfuras, Hand of Ragnaros, -1, 80Backstage passes to a TAFKAL80ETC concert, 15, 20Backstage passes to a TAFKAL80ETC concert, 10, 49Backstage passes to a TAFKAL80ETC concert, 5, 49Conjured Mana Cake, 3, 6
-------- day 1 --------name, sellIn, quality+5 Dexterity Vest, 9, 19Aged Brie, 1, 1Elixir of the Mongoose, 4, 6Sulfuras, Hand of Ragnaros, 0, 80Sulfuras, Hand of Ragnaros, -1, 80Backstage passes to a TAFKAL80ETC concert, 14, 21Backstage passes to a TAFKAL80ETC concert, 9, 50Backstage passes to a TAFKAL80ETC concert, 4, 50Conjured Mana Cake, 2, 5
-------- day 2 --------name, sellIn, quality+5 Dexterity Vest, 8, 18Aged Brie, 0, 2Elixir of the Mongoose, 3, 5Sulfuras, Hand of Ragnaros, 0, 80Sulfuras, Hand of Ragnaros, -1, 80Backstage passes to a TAFKAL80ETC concert, 13, 22Backstage passes to a TAFKAL80ETC concert, 8, 50Backstage passes to a TAFKAL80ETC concert, 3, 50Conjured Mana Cake, 1, 4
-------- day 3 --------name, sellIn, quality+5 Dexterity Vest, 7, 17Aged Brie, -1, 4Elixir of the Mongoose, 2, 4Sulfuras, Hand of Ragnaros, 0, 80Sulfuras, Hand of Ragnaros, -1, 80Backstage passes to a TAFKAL80ETC concert, 12, 23Backstage passes to a TAFKAL80ETC concert, 7, 50Backstage passes to a TAFKAL80ETC concert, 2, 50Conjured Mana Cake, 0, 3
-------- day 4 --------name, sellIn, quality+5 Dexterity Vest, 6, 16Aged Brie, -2, 6Elixir of the Mongoose, 1, 3Sulfuras, Hand of Ragnaros, 0, 80Sulfuras, Hand of Ragnaros, -1, 80Backstage passes to a TAFKAL80ETC concert, 11, 24Backstage passes to a TAFKAL80ETC concert, 6, 50Backstage passes to a TAFKAL80ETC concert, 1, 50Conjured Mana Cake, -1, 1
-------- day 5 --------name, sellIn, quality+5 Dexterity Vest, 5, 15Aged Brie, -3, 8Elixir of the Mongoose, 0, 2Sulfuras, Hand of Ragnaros, 0, 80Sulfuras, Hand of Ragnaros, -1, 80Backstage passes to a TAFKAL80ETC concert, 10, 25Backstage passes to a TAFKAL80ETC concert, 5, 50Backstage passes to a TAFKAL80ETC concert, 0, 50Conjured Mana Cake, -2, 0
-------- day 6 --------name, sellIn, quality+5 Dexterity Vest, 4, 14Aged Brie, -4, 10Elixir of the Mongoose, -1, 0Sulfuras, Hand of Ragnaros, 0, 80Sulfuras, Hand of Ragnaros, -1, 80Backstage passes to a TAFKAL80ETC concert, 9, 27Backstage passes to a TAFKAL80ETC concert, 4, 50Backstage passes to a TAFKAL80ETC concert, -1, 0Conjured Mana Cake, -3, 0
-------- day 7 --------name, sellIn, quality+5 Dexterity Vest, 3, 13Aged Brie, -5, 12Elixir of the Mongoose, -2, 0Sulfuras, Hand of Ragnaros, 0, 80Sulfuras, Hand of Ragnaros, -1, 80Backstage passes to a TAFKAL80ETC concert, 8, 29Backstage passes to a TAFKAL80ETC concert, 3, 50Backstage passes to a TAFKAL80ETC concert, -2, 0Conjured Mana Cake, -4, 0
-------- day 8 --------name, sellIn, quality+5 Dexterity Vest, 2, 12Aged Brie, -6, 14Elixir of the Mongoose, -3, 0Sulfuras, Hand of Ragnaros, 0, 80Sulfuras, Hand of Ragnaros, -1, 80Backstage passes to a TAFKAL80ETC concert, 7, 31Backstage passes to a TAFKAL80ETC concert, 2, 50Backstage passes to a TAFKAL80ETC concert, -3, 0Conjured Mana Cake, -5, 0
-------- day 9 --------name, sellIn, quality+5 Dexterity Vest, 1, 11Aged Brie, -7, 16Elixir of the Mongoose, -4, 0Sulfuras, Hand of Ragnaros, 0, 80Sulfuras, Hand of Ragnaros, -1, 80Backstage passes to a TAFKAL80ETC concert, 6, 33Backstage passes to a TAFKAL80ETC concert, 1, 50Backstage passes to a TAFKAL80ETC concert, -4, 0Conjured Mana Cake, -6, 0
-------- day 10 --------name, sellIn, quality+5 Dexterity Vest, 0, 10Aged Brie, -8, 18Elixir of the Mongoose, -5, 0Sulfuras, Hand of Ragnaros, 0, 80Sulfuras, Hand of Ragnaros, -1, 80Backstage passes to a TAFKAL80ETC concert, 5, 35Backstage passes to a TAFKAL80ETC concert, 0, 50Backstage passes to a TAFKAL80ETC concert, -5, 0Conjured Mana Cake, -7, 0
-------- day 11 --------name, sellIn, quality+5 Dexterity Vest, -1, 8Aged Brie, -9, 20Elixir of the Mongoose, -6, 0Sulfuras, Hand of Ragnaros, 0, 80Sulfuras, Hand of Ragnaros, -1, 80Backstage passes to a TAFKAL80ETC concert, 4, 38Backstage passes to a TAFKAL80ETC concert, -1, 0Backstage passes to a TAFKAL80ETC concert, -6, 0Conjured Mana Cake, -8, 0
-------- day 12 --------name, sellIn, quality+5 Dexterity Vest, -2, 6Aged Brie, -10, 22Elixir of the Mongoose, -7, 0Sulfuras, Hand of Ragnaros, 0, 80Sulfuras, Hand of Ragnaros, -1, 80Backstage passes to a TAFKAL80ETC concert, 3, 41Backstage passes to a TAFKAL80ETC concert, -2, 0Backstage passes to a TAFKAL80ETC concert, -7, 0Conjured Mana Cake, -9, 0
-------- day 13 --------name, sellIn, quality+5 Dexterity Vest, -3, 4Aged Brie, -11, 24Elixir of the Mongoose, -8, 0Sulfuras, Hand of Ragnaros, 0, 80Sulfuras, Hand of Ragnaros, -1, 80Backstage passes to a TAFKAL80ETC concert, 2, 44Backstage passes to a TAFKAL80ETC concert, -3, 0Backstage passes to a TAFKAL80ETC concert, -8, 0Conjured Mana Cake, -10, 0
-------- day 14 --------name, sellIn, quality+5 Dexterity Vest, -4, 2Aged Brie, -12, 26Elixir of the Mongoose, -9, 0Sulfuras, Hand of Ragnaros, 0, 80Sulfuras, Hand of Ragnaros, -1, 80Backstage passes to a TAFKAL80ETC concert, 1, 47Backstage passes to a TAFKAL80ETC concert, -4, 0Backstage passes to a TAFKAL80ETC concert, -9, 0Conjured Mana Cake, -11, 0
-------- day 15 --------name, sellIn, quality+5 Dexterity Vest, -5, 0Aged Brie, -13, 28Elixir of the Mongoose, -10, 0Sulfuras, Hand of Ragnaros, 0, 80Sulfuras, Hand of Ragnaros, -1, 80Backstage passes to a TAFKAL80ETC concert, 0, 50Backstage passes to a TAFKAL80ETC concert, -5, 0Backstage passes to a TAFKAL80ETC concert, -10, 0Conjured Mana Cake, -12, 0
-------- day 16 --------name, sellIn, quality+5 Dexterity Vest, -6, 0Aged Brie, -14, 30Elixir of the Mongoose, -11, 0Sulfuras, Hand of Ragnaros, 0, 80Sulfuras, Hand of Ragnaros, -1, 80Backstage passes to a TAFKAL80ETC concert, -1, 0Backstage passes to a TAFKAL80ETC concert, -6, 0Backstage passes to a TAFKAL80ETC concert, -11, 0Conjured Mana Cake, -13, 0
-------- day 17 --------name, sellIn, quality+5 Dexterity Vest, -7, 0Aged Brie, -15, 32Elixir of the Mongoose, -12, 0Sulfuras, Hand of Ragnaros, 0, 80Sulfuras, Hand of Ragnaros, -1, 80Backstage passes to a TAFKAL80ETC concert, -2, 0Backstage passes to a TAFKAL80ETC concert, -7, 0Backstage passes to a TAFKAL80ETC concert, -12, 0Conjured Mana Cake, -14, 0
-------- day 18 --------name, sellIn, quality+5 Dexterity Vest, -8, 0Aged Brie, -16, 34Elixir of the Mongoose, -13, 0Sulfuras, Hand of Ragnaros, 0, 80Sulfuras, Hand of Ragnaros, -1, 80Backstage passes to a TAFKAL80ETC concert, -3, 0Backstage passes to a TAFKAL80ETC concert, -8, 0Backstage passes to a TAFKAL80ETC concert, -13, 0Conjured Mana Cake, -15, 0
-------- day 19 --------name, sellIn, quality+5 Dexterity Vest, -9, 0Aged Brie, -17, 36Elixir of the Mongoose, -14, 0Sulfuras, Hand of Ragnaros, 0, 80Sulfuras, Hand of Ragnaros, -1, 80Backstage passes to a TAFKAL80ETC concert, -4, 0Backstage passes to a TAFKAL80ETC concert, -9, 0Backstage passes to a TAFKAL80ETC concert, -14, 0Conjured Mana Cake, -16, 0
-------- day 20 --------name, sellIn, quality+5 Dexterity Vest, -10, 0Aged Brie, -18, 38Elixir of the Mongoose, -15, 0Sulfuras, Hand of Ragnaros, 0, 80Sulfuras, Hand of Ragnaros, -1, 80Backstage passes to a TAFKAL80ETC concert, -5, 0Backstage passes to a TAFKAL80ETC concert, -10, 0Backstage passes to a TAFKAL80ETC concert, -15, 0Conjured Mana Cake, -17, 0
-------- day 21 --------name, sellIn, quality+5 Dexterity Vest, -11, 0Aged Brie, -19, 40Elixir of the Mongoose, -16, 0Sulfuras, Hand of Ragnaros, 0, 80Sulfuras, Hand of Ragnaros, -1, 80Backstage passes to a TAFKAL80ETC concert, -6, 0Backstage passes to a TAFKAL80ETC concert, -11, 0Backstage passes to a TAFKAL80ETC concert, -16, 0Conjured Mana Cake, -18, 0
-------- day 22 --------name, sellIn, quality+5 Dexterity Vest, -12, 0Aged Brie, -20, 42Elixir of the Mongoose, -17, 0Sulfuras, Hand of Ragnaros, 0, 80Sulfuras, Hand of Ragnaros, -1, 80Backstage passes to a TAFKAL80ETC concert, -7, 0Backstage passes to a TAFKAL80ETC concert, -12, 0Backstage passes to a TAFKAL80ETC concert, -17, 0Conjured Mana Cake, -19, 0
-------- day 23 --------name, sellIn, quality+5 Dexterity Vest, -13, 0Aged Brie, -21, 44Elixir of the Mongoose, -18, 0Sulfuras, Hand of Ragnaros, 0, 80Sulfuras, Hand of Ragnaros, -1, 80Backstage passes to a TAFKAL80ETC concert, -8, 0Backstage passes to a TAFKAL80ETC concert, -13, 0Backstage passes to a TAFKAL80ETC concert, -18, 0Conjured Mana Cake, -20, 0
-------- day 24 --------name, sellIn, quality+5 Dexterity Vest, -14, 0Aged Brie, -22, 46Elixir of the Mongoose, -19, 0Sulfuras, Hand of Ragnaros, 0, 80Sulfuras, Hand of Ragnaros, -1, 80Backstage passes to a TAFKAL80ETC concert, -9, 0Backstage passes to a TAFKAL80ETC concert, -14, 0Backstage passes to a TAFKAL80ETC concert, -19, 0Conjured Mana Cake, -21, 0
-------- day 25 --------name, sellIn, quality+5 Dexterity Vest, -15, 0Aged Brie, -23, 48Elixir of the Mongoose, -20, 0Sulfuras, Hand of Ragnaros, 0, 80Sulfuras, Hand of Ragnaros, -1, 80Backstage passes to a TAFKAL80ETC concert, -10, 0Backstage passes to a TAFKAL80ETC concert, -15, 0Backstage passes to a TAFKAL80ETC concert, -20, 0Conjured Mana Cake, -22, 0
-------- day 26 --------name, sellIn, quality+5 Dexterity Vest, -16, 0Aged Brie, -24, 50Elixir of the Mongoose, -21, 0Sulfuras, Hand of Ragnaros, 0, 80Sulfuras, Hand of Ragnaros, -1, 80Backstage passes to a TAFKAL80ETC concert, -11, 0Backstage passes to a TAFKAL80ETC concert, -16, 0Backstage passes to a TAFKAL80ETC concert, -21, 0Conjured Mana Cake, -23, 0
-------- day 27 --------name, sellIn, quality+5 Dexterity Vest, -17, 0Aged Brie, -25, 50Elixir of the Mongoose, -22, 0Sulfuras, Hand of Ragnaros, 0, 80Sulfuras, Hand of Ragnaros, -1, 80Backstage passes to a TAFKAL80ETC concert, -12, 0Backstage passes to a TAFKAL80ETC concert, -17, 0Backstage passes to a TAFKAL80ETC concert, -22, 0Conjured Mana Cake, -24, 0
-------- day 28 --------name, sellIn, quality+5 Dexterity Vest, -18, 0Aged Brie, -26, 50Elixir of the Mongoose, -23, 0Sulfuras, Hand of Ragnaros, 0, 80Sulfuras, Hand of Ragnaros, -1, 80Backstage passes to a TAFKAL80ETC concert, -13, 0Backstage passes to a TAFKAL80ETC concert, -18, 0Backstage passes to a TAFKAL80ETC concert, -23, 0Conjured Mana Cake, -25, 0
-------- day 29 --------name, sellIn, quality+5 Dexterity Vest, -19, 0Aged Brie, -27, 50Elixir of the Mongoose, -24, 0Sulfuras, Hand of Ragnaros, 0, 80Sulfuras, Hand of Ragnaros, -1, 80Backstage passes to a TAFKAL80ETC concert, -14, 0Backstage passes to a TAFKAL80ETC concert, -19, 0Backstage passes to a TAFKAL80ETC concert, -24, 0Conjured Mana Cake, -26, 0
-------- day 30 --------name, sellIn, quality+5 Dexterity Vest, -20, 0Aged Brie, -28, 50Elixir of the Mongoose, -25, 0Sulfuras, Hand of Ragnaros, 0, 80Sulfuras, Hand of Ragnaros, -1, 80Backstage passes to a TAFKAL80ETC concert, -15, 0Backstage passes to a TAFKAL80ETC concert, -20, 0Backstage passes to a TAFKAL80ETC concert, -25, 0Conjured Mana Cake, -27, 0
-------- day 31 --------name, sellIn, quality+5 Dexterity Vest, -21, 0Aged Brie, -29, 50Elixir of the Mongoose, -26, 0Sulfuras, Hand of Ragnaros, 0, 80Sulfuras, Hand of Ragnaros, -1, 80Backstage passes to a TAFKAL80ETC concert, -16, 0Backstage passes to a TAFKAL80ETC concert, -21, 0Backstage passes to a TAFKAL80ETC concert, -26, 0Conjured Mana Cake, -28, 0
-------- day 32 --------name, sellIn, quality+5 Dexterity Vest, -22, 0Aged Brie, -30, 50Elixir of the Mongoose, -27, 0Sulfuras, Hand of Ragnaros, 0, 80Sulfuras, Hand of Ragnaros, -1, 80Backstage passes to a TAFKAL80ETC concert, -17, 0Backstage passes to a TAFKAL80ETC concert, -22, 0Backstage passes to a TAFKAL80ETC concert, -27, 0Conjured Mana Cake, -29, 0
-------- day 33 --------name, sellIn, quality+5 Dexterity Vest, -23, 0Aged Brie, -31, 50Elixir of the Mongoose, -28, 0Sulfuras, Hand of Ragnaros, 0, 80Sulfuras, Hand of Ragnaros, -1, 80Backstage passes to a TAFKAL80ETC concert, -18, 0Backstage passes to a TAFKAL80ETC concert, -23, 0Backstage passes to a TAFKAL80ETC concert, -28, 0Conjured Mana Cake, -30, 0
-------- day 34 --------name, sellIn, quality+5 Dexterity Vest, -24, 0Aged Brie, -32, 50Elixir of the Mongoose, -29, 0Sulfuras, Hand of Ragnaros, 0, 80Sulfuras, Hand of Ragnaros, -1, 80Backstage passes to a TAFKAL80ETC concert, -19, 0Backstage passes to a TAFKAL80ETC concert, -24, 0Backstage passes to a TAFKAL80ETC concert, -29, 0Conjured Mana Cake, -31, 0
-------- day 35 --------name, sellIn, quality+5 Dexterity Vest, -25, 0Aged Brie, -33, 50Elixir of the Mongoose, -30, 0Sulfuras, Hand of Ragnaros, 0, 80Sulfuras, Hand of Ragnaros, -1, 80Backstage passes to a TAFKAL80ETC concert, -20, 0Backstage passes to a TAFKAL80ETC concert, -25, 0Backstage passes to a TAFKAL80ETC concert, -30, 0Conjured Mana Cake, -32, 0
-------- day 36 --------name, sellIn, quality+5 Dexterity Vest, -26, 0Aged Brie, -34, 50Elixir of the Mongoose, -31, 0Sulfuras, Hand of Ragnaros, 0, 80Sulfuras, Hand of Ragnaros, -1, 80Backstage passes to a TAFKAL80ETC concert, -21, 0Backstage passes to a TAFKAL80ETC concert, -26, 0Backstage passes to a TAFKAL80ETC concert, -31, 0Conjured Mana Cake, -33, 0
-------- day 37 --------name, sellIn, quality+5 Dexterity Vest, -27, 0Aged Brie, -35, 50Elixir of the Mongoose, -32, 0Sulfuras, Hand of Ragnaros, 0, 80Sulfuras, Hand of Ragnaros, -1, 80Backstage passes to a TAFKAL80ETC concert, -22, 0Backstage passes to a TAFKAL80ETC concert, -27, 0Backstage passes to a TAFKAL80ETC concert, -32, 0Conjured Mana Cake, -34, 0
-------- day 38 --------name, sellIn, quality+5 Dexterity Vest, -28, 0Aged Brie, -36, 50Elixir of the Mongoose, -33, 0Sulfuras, Hand of Ragnaros, 0, 80Sulfuras, Hand of Ragnaros, -1, 80Backstage passes to a TAFKAL80ETC concert, -23, 0Backstage passes to a TAFKAL80ETC concert, -28, 0Backstage passes to a TAFKAL80ETC concert, -33, 0Conjured Mana Cake, -35, 0
-------- day 39 --------name, sellIn, quality+5 Dexterity Vest, -29, 0Aged Brie, -37, 50Elixir of the Mongoose, -34, 0Sulfuras, Hand of Ragnaros, 0, 80Sulfuras, Hand of Ragnaros, -1, 80Backstage passes to a TAFKAL80ETC concert, -24, 0Backstage passes to a TAFKAL80ETC concert, -29, 0Backstage passes to a TAFKAL80ETC concert, -34, 0Conjured Mana Cake, -36, 0
-------- day 40 --------name, sellIn, quality+5 Dexterity Vest, -30, 0Aged Brie, -38, 50Elixir of the Mongoose, -35, 0Sulfuras, Hand of Ragnaros, 0, 80Sulfuras, Hand of Ragnaros, -1, 80Backstage passes to a TAFKAL80ETC concert, -25, 0Backstage passes to a TAFKAL80ETC concert, -30, 0Backstage passes to a TAFKAL80ETC concert, -35, 0Conjured Mana Cake, -37, 0
-------- day 41 --------name, sellIn, quality+5 Dexterity Vest, -31, 0Aged Brie, -39, 50Elixir of the Mongoose, -36, 0Sulfuras, Hand of Ragnaros, 0, 80Sulfuras, Hand of Ragnaros, -1, 80Backstage passes to a TAFKAL80ETC concert, -26, 0Backstage passes to a TAFKAL80ETC concert, -31, 0Backstage passes to a TAFKAL80ETC concert, -36, 0Conjured Mana Cake, -38, 0
-------- day 42 --------name, sellIn, quality+5 Dexterity Vest, -32, 0Aged Brie, -40, 50Elixir of the Mongoose, -37, 0Sulfuras, Hand of Ragnaros, 0, 80Sulfuras, Hand of Ragnaros, -1, 80Backstage passes to a TAFKAL80ETC concert, -27, 0Backstage passes to a TAFKAL80ETC concert, -32, 0Backstage passes to a TAFKAL80ETC concert, -37, 0Conjured Mana Cake, -39, 0
-------- day 43 --------name, sellIn, quality+5 Dexterity Vest, -33, 0Aged Brie, -41, 50Elixir of the Mongoose, -38, 0Sulfuras, Hand of Ragnaros, 0, 80Sulfuras, Hand of Ragnaros, -1, 80Backstage passes to a TAFKAL80ETC concert, -28, 0Backstage passes to a TAFKAL80ETC concert, -33, 0Backstage passes to a TAFKAL80ETC concert, -38, 0Conjured Mana Cake, -40, 0
-------- day 44 --------name, sellIn, quality+5 Dexterity Vest, -34, 0Aged Brie, -42, 50Elixir of the Mongoose, -39, 0Sulfuras, Hand of Ragnaros, 0, 80Sulfuras, Hand of Ragnaros, -1, 80Backstage passes to a TAFKAL80ETC concert, -29, 0Backstage passes to a TAFKAL80ETC concert, -34, 0Backstage passes to a TAFKAL80ETC concert, -39, 0Conjured Mana Cake, -41, 0
-------- day 45 --------name, sellIn, quality+5 Dexterity Vest, -35, 0Aged Brie, -43, 50Elixir of the Mongoose, -40, 0Sulfuras, Hand of Ragnaros, 0, 80Sulfuras, Hand of Ragnaros, -1, 80Backstage passes to a TAFKAL80ETC concert, -30, 0Backstage passes to a TAFKAL80ETC concert, -35, 0Backstage passes to a TAFKAL80ETC concert, -40, 0Conjured Mana Cake, -42, 0
-------- day 46 --------name, sellIn, quality+5 Dexterity Vest, -36, 0Aged Brie, -44, 50Elixir of the Mongoose, -41, 0Sulfuras, Hand of Ragnaros, 0, 80Sulfuras, Hand of Ragnaros, -1, 80Backstage passes to a TAFKAL80ETC concert, -31, 0Backstage passes to a TAFKAL80ETC concert, -36, 0Backstage passes to a TAFKAL80ETC concert, -41, 0Conjured Mana Cake, -43, 0
-------- day 47 --------name, sellIn, quality+5 Dexterity Vest, -37, 0Aged Brie, -45, 50Elixir of the Mongoose, -42, 0Sulfuras, Hand of Ragnaros, 0, 80Sulfuras, Hand of Ragnaros, -1, 80Backstage passes to a TAFKAL80ETC concert, -32, 0Backstage passes to a TAFKAL80ETC concert, -37, 0Backstage passes to a TAFKAL80ETC concert, -42, 0Conjured Mana Cake, -44, 0
-------- day 48 --------name, sellIn, quality+5 Dexterity Vest, -38, 0Aged Brie, -46, 50Elixir of the Mongoose, -43, 0Sulfuras, Hand of Ragnaros, 0, 80Sulfuras, Hand of Ragnaros, -1, 80Backstage passes to a TAFKAL80ETC concert, -33, 0Backstage passes to a TAFKAL80ETC concert, -38, 0Backstage passes to a TAFKAL80ETC concert, -43, 0Conjured Mana Cake, -45, 0
-------- day 49 --------name, sellIn, quality+5 Dexterity Vest, -39, 0Aged Brie, -47, 50Elixir of the Mongoose, -44, 0Sulfuras, Hand of Ragnaros, 0, 80Sulfuras, Hand of Ragnaros, -1, 80Backstage passes to a TAFKAL80ETC concert, -34, 0Backstage passes to a TAFKAL80ETC concert, -39, 0Backstage passes to a TAFKAL80ETC concert, -44, 0Conjured Mana Cake, -46, 0
-------- day 50 --------name, sellIn, quality+5 Dexterity Vest, -40, 0Aged Brie, -48, 50Elixir of the Mongoose, -45, 0Sulfuras, Hand of Ragnaros, 0, 80Sulfuras, Hand of Ragnaros, -1, 80Backstage passes to a TAFKAL80ETC concert, -35, 0Backstage passes to a TAFKAL80ETC concert, -40, 0Backstage passes to a TAFKAL80ETC concert, -45, 0Conjured Mana Cake, -47, 0
"
`;
